0198 Marojejya_insignis 1
0095 Chrysalidocarpus_sp._2
2015 Chrysalidocarpus_sp._5
0002 Chrysalidocarpus_acuminum
0078 Chrysalidocarpus_aff._bejofo
0003 Chrysalidocarpus_albofarinosus
0004 Chrysalidocarpus_ambanjae
0202 Chrysalidocarpus_ambositrae_1
2012 Chrysalidocarpus_ambositrae_2
0006 Chrysalidocarpus_andrianatonga
0008 Chrysalidocarpus_ankirindro
0010 Chrysalidocarpus_arenarum
0011 Chrysalidocarpus_baronii
0012 Chrysalidocarpus_basilongus
0014 Chrysalidocarpus_bejofo
0149 Chrysalidocarpus_cabadae
0150 Chrysalidocarpus_canaliculatus
0082 Chrysalidocarpus_carlsmithii
0021 Chrysalidocarpus_ceraceus
0204 Chrysalidocarpus_decaryi_1
2033 Chrysalidocarpus_decaryi_2
0028 Chrysalidocarpus_decipiens
0091 Chrysalidocarpus_heteromorphus
2051 Chrysalidocarpus_humblotianus
2034 Chrysalidocarpus_lanceolatus
0040 Chrysalidocarpus_lastellianus
0041 Chrysalidocarpus_leptocheilos
0195 Chrysalidocarpus_leucomallus
0044 Chrysalidocarpus_lutescens
0045 Chrysalidocarpus_madagascariensis
0102 Chrysalidocarpus_malcomberi
0103 Chrysalidocarpus_mananjarensis
0105 Chrysalidocarpus_mijoroanus
0109 Chrysalidocarpus_nauseosus
0051 Chrysalidocarpus_onilahensis
0111 Chrysalidocarpus_sp._6
0052 Chrysalidocarpus_gracilis
0171 Chrysalidocarpus_oropedionis
0112 Chrysalidocarpus_ovobontsira
0053 Chrysalidocarpus_ovojavavy
2052 Chrysalidocarpus_pembanus
0174 Chrysalidocarpus_pilulifer
0113 Chrysalidocarpus_plumosus
0057 Chrysalidocarpus_prestonianus
0059 Chrysalidocarpus_psammophilus
0115 Chrysalidocarpus_pumilus
0061 Chrysalidocarpus_rabepierrei
0063 Chrysalidocarpus_robustus
0181 Chrysalidocarpus_saintelucei
0120 Chrysalidocarpus_sanctaemariae
0067 Chrysalidocarpus_serpentinus
0123 Chrysalidocarpus_sp._1
2014 Chrysalidocarpus_sp._3
0092 Chrysalidocarpus_sp._4
0183 Chrysalidocarpus_tanalensis
0071 Chrysalidocarpus_tokoravina
0072 Chrysalidocarpus_tsaravoasira
0100 Dypsis_aff._coursii
0001 Dypsis_acaulis
0005 Dypsis_ambilaensis
0144 Dypsis_andapae
0146 Dypsis_angusta
0007 Dypsis_angustifolia
0079 Dypsis_aquatilis
0080 Dypsis_aurantiaca
0013 Dypsis_beentjei
0015 Dypsis_bernieriana
0017 Dypsis_betsimisarakae
0018 Dypsis_boiviniana
0019 Dypsis_bonsai
0020 Dypsis_bosseri
0081 Dypsis_brevicaulis
0148 Dypsis_brittiana
0083 Dypsis_catatiana
0151 Dypsis_caudata
0152 Dypsis_commersoniana
0022 Dypsis_concinna
0023 Dypsis_confusa
0024 Dypsis_cookei
0153 Dypsis_coriacea
0203 Dypsis_corniculata
0025 Dypsis_coursii
0027 Dypsis_culminis
0154 Dypsis_curtisii
0029 Dypsis_delicatula
0030 Dypsis_digitata
0084 Dypsis_dracaenoides
0032 Dypsis_elegans
0033 Dypsis_eriostachys
0085 Dypsis_faneva
0086 Dypsis_fanjana
0087 Dypsis_fasciculata
0034 Dypsis_forficifolia
0089 Dypsis_gautieri
0090 Dypsis_glabrescens
0155 Dypsis_gronophyllum
0156 Dypsis_henrici
0201 Dypsis_heterophylla
0035 Dypsis_hiarakae
0036 Dypsis_hildebrandtii
0158 Dypsis_humbertii
0037 Dypsis_humilis
0038 Dypsis_integra
0160 Dypsis_intermedia
0161 Dypsis_interrupta
0162 Dypsis_jeremiei
0039 Dypsis_jumelleana
0163 Dypsis_laevis
0193 Dypsis_lantzeana 1
0194 Dypsis_lantzeana 2
0097 Dypsis_lanuginosa
0042 Dypsis_lilacina
0098 Dypsis_linearis
0043 Dypsis_lokohoensis
0099 Dypsis_louvelii
0166 Dypsis_lutea
0046 Dypsis_mahia
0101 Dypsis_makirae
0104 Dypsis_marojejyi
0047 Dypsis_metallica
0106 Dypsis_minuta
0107 Dypsis_mirabilis
0108 Dypsis_sp.
0048 Dypsis_mocquerysiana
0169 Dypsis_montana
0049 Dypsis_nodifera
0050 Dypsis_occidentalis
0172 Dypsis_pachyramea
0054 Dypsis_paludosa
0173 Dypsis_pervillei
0175 Dypsis_pinnatifrons
0114 Dypsis_poivreana
0058 Dypsis_procera
0176 Dypsis_procumbens
0060 Dypsis_pustulata
0178 Dypsis_rakotonasoloi
0179 Dypsis_ramentacea
0062 Dypsis_reflexa
2053 Dypsis_remotiflora
0117 Dypsis_rivularis
0118 Dypsis_rosea
0182 Dypsis_sancta
0065 Dypsis_scandens
0121 Dypsis_schatzii
0066 Dypsis_scottiana
0122 Dypsis_simianensis
0068 Dypsis_singularis
0069 Dypsis_spicata
0124 Dypsis_subacaulis
0125 Dypsis_tenuissima
0070 Dypsis_thermarum
0126 Dypsis_thiryana
0184 Dypsis_turkii
0073 Dypsis_viridis
0185 Lemurophoenix_halleuxii
0191 Lemurophoenix_laevis
1011 Loxococcus_rupicola 1
1012 Loxococcus_rupicola 2
0205 Marojejya_darianii
0198 Marojejya_insignis 1
0199 Marojejya_insignis 2
0196 Marojejya_sp.
0187 Masoala_kona
0077 Masoala_madagascariensis
0009 Vonitra_antanambensis
0026 Vonitra_crinita
0031 Vonitra_dransfieldii
0088 Vonitra_fibrosa
0170 Vonitra_moorei
0110 Vonitra_nossibensis
0055 Vonitra_perrieri
0116 Vonitra_pusilla
0128 Vonitra_utilis
0074 Vonitra_vonitrandambo
